
==============================================================================
SUHU UDARA PERMUKAAN & UAP AIR — NCEP, DI SEL BERISI GEMPA
==============================================================================

  sel berisi gempa: 1,899 dari 10.512 (18.1%)

    air 1970: 365 hari   0.2 mnt
    air 1971: 365 hari   0.3 mnt
    air 1972: 366 hari   0.5 mnt
    air 1973: 365 hari   0.6 mnt
    air 1974: 365 hari   0.8 mnt
    air 1975: 365 hari   1.0 mnt
    air 1976: 366 hari   1.3 mnt
    air 1977: 365 hari   1.5 mnt
    air 1978: 365 hari   1.6 mnt
    air 1979: 365 hari   1.8 mnt
    air 1980: 366 hari   1.9 mnt
    air 1981: 365 hari   2.1 mnt
    air 1982: 365 hari   2.3 mnt
    air 1983: 365 hari   2.4 mnt
    air 1984: 366 hari   2.6 mnt
    air 1985: 365 hari   2.7 mnt
    air 1986: 365 hari   2.9 mnt
    air 1987: 365 hari   3.1 mnt
    air 1988: 366 hari   3.2 mnt
    air 1989: 365 hari   3.4 mnt
    air 1990: 365 hari   3.5 mnt
    air 1991: 365 hari   3.7 mnt
    air 1992: 366 hari   3.8 mnt
    air 1993: 365 hari   3.9 mnt
    air 1994: 365 hari   4.1 mnt
    air 1995: 365 hari   4.3 mnt
    air 1996: 366 hari   4.5 mnt
    air 1997: 365 hari   4.7 mnt
    air 1998: 365 hari   4.8 mnt
    air 1999: 365 hari   5.0 mnt
    air 2000: 366 hari   5.1 mnt
    air 2001: 365 hari   5.3 mnt
    air 2002: 365 hari   5.4 mnt
    air 2003: 365 hari   5.6 mnt
    air 2004: 366 hari   5.8 mnt
    air 2005: 365 hari   6.2 mnt
    air 2006: 365 hari   6.4 mnt
    air 2007: 365 hari   6.6 mnt
    air 2008: 366 hari   6.8 mnt
    air 2009: 365 hari   7.1 mnt
    air 2010: 365 hari   7.3 mnt
    air 2011: 365 hari   7.5 mnt
    air 2012: 366 hari   7.7 mnt
    air 2013: 365 hari   7.9 mnt
    air 2014: 365 hari   8.0 mnt
    air 2015: 365 hari   8.2 mnt
    air 2016: 366 hari   8.4 mnt
    air 2017: 365 hari   8.6 mnt
    air 2018: 365 hari   8.7 mnt
    air 2019: 365 hari   8.9 mnt
    air 2020: 366 hari   9.1 mnt
    air 2021: 365 hari   9.2 mnt
    air 2022: 365 hari   9.4 mnt
    air 2023: 365 hari   9.5 mnt
    air 2024: 366 hari   9.7 mnt
    air 2025: 365 hari   9.9 mnt

  air   tersimpan  (20454, 1899)  155 MB
        rentang    719163 .. 739616 (20,454 hari)
        nilai      median 290.2 K, sd 13.6, hilang 0.00%

    pwat 1970: 365 hari   10.3 mnt
    pwat 1971: 365 hari   10.5 mnt
    pwat 1972: 366 hari   10.7 mnt
    pwat 1973: 365 hari   11.0 mnt
    pwat 1974: 365 hari   11.3 mnt
    pwat 1975: 365 hari   11.6 mnt
    pwat 1976: 366 hari   11.9 mnt
    pwat 1977: 365 hari   12.2 mnt
    pwat 1978: 365 hari   12.4 mnt
    pwat 1979: 365 hari   12.6 mnt
    pwat 1980: 366 hari   12.9 mnt
    pwat 1981: 365 hari   13.4 mnt
    pwat 1982: 365 hari   14.1 mnt
    pwat 1983: 365 hari   14.8 mnt
    pwat 1984: 366 hari   15.3 mnt
    pwat 1985: 365 hari   15.7 mnt
    pwat 1986: 365 hari   16.0 mnt
    pwat 1987: 365 hari   16.2 mnt
    pwat 1988: tidak tersedia
    pwat 1989: 365 hari   16.8 mnt
    pwat 1990: 365 hari   17.1 mnt
    pwat 1991: 365 hari   17.7 mnt
    pwat 1992: 366 hari   18.2 mnt
    pwat 1993: 365 hari   18.4 mnt
    pwat 1994: 365 hari   18.8 mnt
    pwat 1995: 365 hari   19.5 mnt
    pwat 1996: 366 hari   20.1 mnt
    pwat 1997: 365 hari   20.6 mnt
    pwat 1998: 365 hari   21.0 mnt
    pwat 1999: 365 hari   21.5 mnt
    pwat 2000: 366 hari   22.1 mnt
    pwat 2001: tidak tersedia
    pwat 2002: 365 hari   22.8 mnt
    pwat 2003: 365 hari   23.0 mnt
    pwat 2004: 366 hari   23.2 mnt
    pwat 2005: 365 hari   23.5 mnt
    pwat 2006: 365 hari   23.7 mnt
    pwat 2007: 365 hari   23.9 mnt
    pwat 2008: 366 hari   24.2 mnt
    pwat 2009: 365 hari   24.4 mnt
    pwat 2010: 365 hari   25.0 mnt
    pwat 2011: 365 hari   25.3 mnt
    pwat 2012: 366 hari   25.6 mnt
    pwat 2013: 365 hari   25.8 mnt
    pwat 2014: 365 hari   26.1 mnt
    pwat 2015: 365 hari   26.4 mnt
    pwat 2016: 366 hari   26.7 mnt
    pwat 2017: 365 hari   27.2 mnt
    pwat 2018: 365 hari   27.7 mnt
    pwat 2019: 365 hari   28.3 mnt
    pwat 2020: 366 hari   28.5 mnt
    pwat 2021: 365 hari   28.9 mnt
    pwat 2022: 365 hari   29.2 mnt
    pwat 2023: 365 hari   29.5 mnt
    pwat 2024: 366 hari   29.7 mnt
    pwat 2025: 365 hari   30.1 mnt

  pwat  tersimpan  (19723, 1899)  150 MB
        rentang    719163 .. 739616 (19,723 hari)
        nilai      median 19.7 kg/m2, sd 15.5, hilang 0.00%

  selesai dalam 30.1 menit
